# Tests finding the four hop path from THANDEMOS to URCHALLA.

loaded graph marvel

path from THANADEMOS to URCHALLA:
THANADEMOS to IRON FIST/DANIEL RAN via M/CP 111/2
IRON FIST/DANIEL RAN to ABOMINATION/EMIL BLO via H2 278
ABOMINATION/EMIL BLO to X-MAN/NATHAN GREY via XM 32
X-MAN/NATHAN GREY to URCHALLA via XM 61